2023-01-15 23:39:59,888 - Debug Adapter (main) - DEBUG - START_TIME_2023_01_15_23-39-59
2023-01-15 23:39:59,891 - Debug Adapter (main) - DEBUG - Init errors:None
2023-01-15 23:39:59,892 - Debug Adapter (main) - INFO - Working directory: /vscode/vscode-server/bin/linux-x64/97dec172d3256f8ca4bfb2143f3f76b503ca0534
2023-01-15 23:39:59,894 - Debug Adapter (main) - INFO - Arguments: 
{   'app_flash_off': 65536,
    'board_type': None,
    'cmdfile': '/workspaces/esp-idf-vscode-generated.gdb',
    'core_file': (),
    'debug': 5,
    'developer_mode': 'none',
    'device_name': 'esp32',
    'elfpath': ('/workspaces/build/ssh-client.elf',),
    'log_file': '/workspaces/debug.log',
    'log_mult_files': None,
    'log_no_debug_console': None,
    'oocd': 'openocd',
    'oocd_args': None,
    'oocd_ip': 'localhost',
    'oocd_mode': 'without_oocd',
    'oocd_scripts': None,
    'port': 43474,
    'postmortem': False,
    'tmo_scale_factor': 1,
    'toolchain_prefix': 'xtensa-esp32-elf-'}
2023-01-15 23:39:59,899 - Debug Adapter (main) - CRITICAL - Debug adapter -> Extension: DEBUG_ADAPTER_STARTED
2023-01-15 23:39:59,904 - Debug Adapter (main) - INFO - Starting. Cmd: /root/.vscode-server/extensions/espressif.esp-idf-extension-1.5.1/esp_debug_adapter/debug_adapter_main.py -d 5 -e /workspaces/build/ssh-client.elf -l /workspaces/debug.log -p 43474 -dn esp32 -a 0x10000 -t xtensa-esp32-elf- -om without_oocd -x /workspaces/esp-idf-vscode-generated.gdb

2023-01-15 23:39:59,917 - Debug Adapter (main) - INFO - Listening on port 43474
2023-01-15 23:39:59,920 - Debug Adapter (main) - CRITICAL - Debug adapter -> Extension: DEBUG_ADAPTER_READY2CONNECT
2023-01-15 23:39:59,937 - Debug Adapter (main) - DEBUG - Got connection
2023-01-15 23:39:59,943 - Debug Adapter (WriterThread) - DEBUG - Writing: {"type": "event", "event": "output", "body": {"output": "Debug adapter -> Extension: DEBUG_ADAPTER_STARTED\n", "source": {}}, "seq": 0}

2023-01-15 23:39:59,946 - Debug Adapter (WriterThread) - DEBUG - Writing: {"type": "event", "event": "output", "body": {"output": "Starting. Cmd: /root/.vscode-server/extensions/espressif.esp-idf-extension-1.5.1/esp_debug_adapter/debug_adapter_main.py -d 5 -e /workspaces/build/ssh-client.elf -l /workspaces/debug.log -p 43474 -dn esp32 -a 0x10000 -t xtensa-esp32-elf- -om without_oocd -x /workspaces/esp-idf-vscode-generated.gdb\n\n", "source": {}}, "seq": 1}

2023-01-15 23:39:59,960 - Debug Adapter (WriterThread) - DEBUG - Writing: {"type": "event", "event": "output", "body": {"output": "Listening on port 43474\n", "source": {}}, "seq": 2}

2023-01-15 23:39:59,965 - Debug Adapter (WriterThread) - DEBUG - Writing: {"type": "event", "event": "output", "body": {"output": "Debug adapter -> Extension: DEBUG_ADAPTER_READY2CONNECT\n", "source": {}}, "seq": 3}

2023-01-15 23:39:59,971 - Debug Adapter (WriterThread) - DEBUG - Writing: {"type": "event", "event": "output", "body": {"output": "Got connection\n", "source": {}}, "seq": 4}

2023-01-15 23:40:00,056 - Debug Adapter (ReaderThread) - DEBUG - read line: >>b'Content-Length: 480\\r\\n'<<

2023-01-15 23:40:00,057 - Debug Adapter (ReaderThread) - DEBUG - read line: >>b'\\r\\n'<<

2023-01-15 23:40:00,058 - Debug Adapter(Command Processor) - DEBUG - Got json: {
    "arguments": {
        "adapterID": "espidf",
        "clientID": "vscode",
        "clientName": "Visual Studio Code",
        "columnsStartAt1": true,
        "linesStartAt1": true,
        "locale": "en-us",
        "pathFormat": "path",
        "supportsArgsCanBeInterpretedByShell": true,
        "supportsInvalidatedEvent": true,
        "supportsMemoryEvent": true,
        "supportsMemoryReferences": true,
        "supportsProgressReporting": true,
        "supportsRunInTerminalRequest": true,
        "supportsVariablePaging": true,
        "supportsVariableType": true
    },
    "command": "initialize",
    "seq": 1,
    "type": "request"
}
2023-01-15 23:40:00,059 - Debug Adapter (WriterThread) - DEBUG - Writing: {"type": "event", "event": "output", "body": {"output": "Got json: {\n    \"arguments\": {\n        \"adapterID\": \"espidf\",\n        \"clientID\": \"vscode\",\n        \"clientName\": \"Visual Studio Code\",\n        \"columnsStartAt1\": true,\n        \"linesStartAt1\": true,\n        \"locale\": \"en-us\",\n        \"pathFormat\": \"path\",\n        \"supportsArgsCanBeInterpretedByShell\": true,\n        \"supportsInvalidatedEvent\": true,\n        \"supportsMemoryEvent\": true,\n        \"supportsMemoryReferences\": true,\n        \"supportsProgressReporting\": true,\n        \"supportsRunInTerminalRequest\": true,\n        \"supportsVariablePaging\": true,\n        \"supportsVariableType\": true\n    },\n    \"command\": \"initialize\",\n    \"seq\": 1,\n    \"type\": \"request\"\n}\n", "source": {}}, "seq": 5}

2023-01-15 23:40:00,071 - Debug Adapter (main) - ERROR - gdb executable could not be resolved from "xtensa-esp32-elf-gdb"
Traceback (most recent call last):
  File "/root/.vscode-server/extensions/espressif.esp-idf-extension-1.5.1/esp_debug_adapter/debug_adapter/debug_backend/debug_backend/gdb.py", line 59, in __init__
    self._gdbmi = GdbController(command=[gdb_path])
TypeError: __init__() got an unexpected keyword argument 'command'

During handling of the above exception, another exception occurred:

Traceback (most recent call last):
  File "/root/.vscode-server/extensions/espressif.esp-idf-extension-1.5.1/esp_debug_adapter/debug_adapter/command_processor.py", line 52, in __call__
    on_request(protocol_message)
  File "/root/.vscode-server/extensions/espressif.esp-idf-extension-1.5.1/esp_debug_adapter/debug_adapter/command_processor.py", line 75, in on_initialize_request
    raise e
  File "/root/.vscode-server/extensions/espressif.esp-idf-extension-1.5.1/esp_debug_adapter/debug_adapter/command_processor.py", line 70, in on_initialize_request
    self.da.adapter_init()
  File "/root/.vscode-server/extensions/espressif.esp-idf-extension-1.5.1/esp_debug_adapter/debug_adapter/debug_adapter.py", line 328, in adapter_init
    raise e
  File "/root/.vscode-server/extensions/espressif.esp-idf-extension-1.5.1/esp_debug_adapter/debug_adapter/debug_adapter.py", line 324, in adapter_init
    self.start_gdb()
  File "/root/.vscode-server/extensions/espressif.esp-idf-extension-1.5.1/esp_debug_adapter/debug_adapter/debug_adapter.py", line 654, in start_gdb
    raise e
  File "/root/.vscode-server/extensions/espressif.esp-idf-extension-1.5.1/esp_debug_adapter/debug_adapter/debug_adapter.py", line 628, in start_gdb
    self._gdb = dbg.create_gdb(chip_name=self.args.device_name,
  File "/root/.vscode-server/extensions/espressif.esp-idf-extension-1.5.1/esp_debug_adapter/debug_adapter/debug_backend/debug_backend/__init__.py", line 75, in create_gdb
    return gdb_cls(**gdb_init_args)
  File "/root/.vscode-server/extensions/espressif.esp-idf-extension-1.5.1/esp_debug_adapter/debug_adapter/debug_backend/debug_backend/hw_specific/esp.py", line 277, in __init__
    super(GdbEsp32, self).__init__(gdb_path=gdb_path, remote_target=remote_target,
  File "/root/.vscode-server/extensions/espressif.esp-idf-extension-1.5.1/esp_debug_adapter/debug_adapter/debug_backend/debug_backend/hw_specific/esp.py", line 224, in __init__
    GdbXtensa.__init__(self, gdb_path=gdb_path, remote_target=remote_target,
  File "/root/.vscode-server/extensions/espressif.esp-idf-extension-1.5.1/esp_debug_adapter/debug_adapter/debug_backend/debug_backend/hw_specific/xtensa.py", line 70, in __init__
    super(GdbXtensa, self).__init__(gdb_path=gdb_path, remote_target=remote_target, extended_remote_mode=extended_remote_mode,
  File "/root/.vscode-server/extensions/espressif.esp-idf-extension-1.5.1/esp_debug_adapter/debug_adapter/debug_backend/debug_backend/gdb.py", line 62, in __init__
    self._gdbmi = GdbController(gdb_path=gdb_path)
  File "/opt/esp/python_env/idf5.1_py3.8_env/lib/python3.8/site-packages/pygdbmi/gdbcontroller.py", line 99, in __init__
    raise ValueError(
ValueError: gdb executable could not be resolved from "xtensa-esp32-elf-gdb"
2023-01-15 23:40:00,074 - Debug Adapter (WriterThread) - DEBUG - Writing: {"type": "response", "request_seq": 1, "success": false, "command": "initialize", "seq": 6, "message": "Failed to init Debug Adapter!", "body": {}}

2023-01-15 23:40:00,100 - Debug Adapter (WriterThread) - DEBUG - Writing: {"type": "event", "event": "output", "body": {"output": "gdb executable could not be resolved from \"xtensa-esp32-elf-gdb\"\n", "source": {}}, "seq": 7}

2023-01-15 23:40:00,115 - Debug Adapter (WriterThread) - DEBUG - Writing: {"type": "event", "event": "output", "body": {"output": "gdb executable could not be resolved from \"xtensa-esp32-elf-gdb\"\n", "source": {}}, "seq": 8}

2023-01-15 23:40:00,212 - Debug Adapter (ReaderThread) - DEBUG - read line: >>b'Content-Length: 79\\r\\n'<<

2023-01-15 23:40:00,213 - Debug Adapter (ReaderThread) - DEBUG - read line: >>b'\\r\\n'<<

2023-01-15 23:40:00,215 - Debug Adapter(Command Processor) - DEBUG - Got json: {
    "arguments": {
        "restart": false
    },
    "command": "disconnect",
    "seq": 2,
    "type": "request"
}
2023-01-15 23:40:00,215 - Debug Adapter (WriterThread) - DEBUG - Writing: {"type": "event", "event": "output", "body": {"output": "Got json: {\n    \"arguments\": {\n        \"restart\": false\n    },\n    \"command\": \"disconnect\",\n    \"seq\": 2,\n    \"type\": \"request\"\n}\n", "source": {}}, "seq": 9}

2023-01-15 23:40:00,226 - Debug Adapter (main) - DEBUG - Adapter is Stopping...
2023-01-15 23:40:00,232 - Debug Adapter (WriterThread) - DEBUG - Writing: {"type": "event", "event": "output", "body": {"output": "Debug Adapter stopped\n", "source": {}}, "seq": 10}

2023-01-15 23:40:00,243 - Debug Adapter (WriterThread) - DEBUG - Writing: {"type": "event", "event": "output", "body": {"output": "Adapter is Stopping...\n", "source": {}}, "seq": 11}

2023-01-15 23:40:00,238 - Debug Adapter (main) - DEBUG - Stopping target poller
2023-01-15 23:40:00,247 - Debug Adapter (WriterThread) - DEBUG - Writing: {"type": "event", "event": "output", "body": {"output": "Stopping target poller\n", "source": {}}, "seq": 12}

2023-01-15 23:40:00,259 - Debug Adapter (WriterThread) - DEBUG - Writing: {"type": "event", "event": "output", "body": {"output": "Closing the GDB process\n", "source": {}}, "seq": 13}

2023-01-15 23:40:00,254 - Debug Adapter (main) - DEBUG - Closing the GDB process
2023-01-15 23:40:00,267 - Debug Adapter (main) - DEBUG - Closing the Socket
2023-01-15 23:40:00,267 - Debug Adapter (WriterThread) - DEBUG - Writing: {"type": "event", "event": "output", "body": {"output": "Closing the Socket\n", "source": {}}, "seq": 14}

2023-01-15 23:40:00,269 - Debug Adapter (main) - DEBUG - Stopping of the Writer thread
2023-01-15 23:40:00,273 - Debug Adapter (WriterThread) - DEBUG - Writing: {"type": "event", "event": "output", "body": {"output": "Stopping of the Writer thread\n", "source": {}}, "seq": 15}

2023-01-15 23:40:00,287 - Debug Adapter (main) - DEBUG - Stopping of the Reader thread
2023-01-15 23:40:00,295 - Debug Adapter (main) - DEBUG - Adapter is Stopped
2023-01-15 23:40:00,307 - Debug Adapter (main) - CRITICAL - Debug adapter -> Extension: DEBUG_ADAPTER_STOPPED
2023-01-15 23:40:00,312 - Debug Adapter(Command Processor) - DEBUG - Processed command: disconnect
